Archive member included to satisfy reference by file (symbol)

c:/st/stm32cubeide_1.7.0/stm32cubeide/plugins/com.st.stm32cube.ide.mcu.externaltools.gnu-tools-for-stm32.9-2020-q2-update.win32_2.0.0.202105311346/tools/bin/../lib/gcc/arm-none-eabi/9.3.1/../../../../arm-none-eabi/lib/thumb/v7-m/nofp\libc_nano.a(lib_a-errno.o)
                              ./Core/Src/syscalls.o (__errno)
c:/st/stm32cubeide_1.7.0/stm32cubeide/plugins/com.st.stm32cube.ide.mcu.externaltools.gnu-tools-for-stm32.9-2020-q2-update.win32_2.0.0.202105311346/tools/bin/../lib/gcc/arm-none-eabi/9.3.1/../../../../arm-none-eabi/lib/thumb/v7-m/nofp\libc_nano.a(lib_a-exit.o)
                              c:/st/stm32cubeide_1.7.0/stm32cubeide/plugins/com.st.stm32cube.ide.mcu.externaltools.gnu-tools-for-stm32.9-2020-q2-update.win32_2.0.0.202105311346/tools/bin/../lib/gcc/arm-none-eabi/9.3.1/../../../../arm-none-eabi/lib/thumb/v7-m/nofp/crt0.o (exit)
c:/st/stm32cubeide_1.7.0/stm32cubeide/plugins/com.st.stm32cube.ide.mcu.externaltools.gnu-tools-for-stm32.9-2020-q2-update.win32_2.0.0.202105311346/tools/bin/../lib/gcc/arm-none-eabi/9.3.1/../../../../arm-none-eabi/lib/thumb/v7-m/nofp\libc_nano.a(lib_a-impure.o)
                              c:/st/stm32cubeide_1.7.0/stm32cubeide/plugins/com.st.stm32cube.ide.mcu.externaltools.gnu-tools-for-stm32.9-2020-q2-update.win32_2.0.0.202105311346/tools/bin/../lib/gcc/arm-none-eabi/9.3.1/../../../../arm-none-eabi/lib/thumb/v7-m/nofp\libc_nano.a(lib_a-exit.o) (_global_impure_ptr)
c:/st/stm32cubeide_1.7.0/stm32cubeide/plugins/com.st.stm32cube.ide.mcu.externaltools.gnu-tools-for-stm32.9-2020-q2-update.win32_2.0.0.202105311346/tools/bin/../lib/gcc/arm-none-eabi/9.3.1/../../../../arm-none-eabi/lib/thumb/v7-m/nofp\libc_nano.a(lib_a-init.o)
                              c:/st/stm32cubeide_1.7.0/stm32cubeide/plugins/com.st.stm32cube.ide.mcu.externaltools.gnu-tools-for-stm32.9-2020-q2-update.win32_2.0.0.202105311346/tools/bin/../lib/gcc/arm-none-eabi/9.3.1/../../../../arm-none-eabi/lib/thumb/v7-m/nofp/crt0.o (__libc_init_array)
c:/st/stm32cubeide_1.7.0/stm32cubeide/plugins/com.st.stm32cube.ide.mcu.externaltools.gnu-tools-for-stm32.9-2020-q2-update.win32_2.0.0.202105311346/tools/bin/../lib/gcc/arm-none-eabi/9.3.1/../../../../arm-none-eabi/lib/thumb/v7-m/nofp\libc_nano.a(lib_a-memset.o)
                              c:/st/stm32cubeide_1.7.0/stm32cubeide/plugins/com.st.stm32cube.ide.mcu.externaltools.gnu-tools-for-stm32.9-2020-q2-update.win32_2.0.0.202105311346/tools/bin/../lib/gcc/arm-none-eabi/9.3.1/../../../../arm-none-eabi/lib/thumb/v7-m/nofp/crt0.o (memset)

Allocating common symbols
Common symbol       size              file

SCH_tasks_G         0x320             ./Core/Src/main.o
uwTick              0x4               ./Drivers/STM32F1xx_HAL_Driver/Src/stm32f1xx_hal.o
pFlash              0x20              ./Drivers/STM32F1xx_HAL_Driver/Src/stm32f1xx_hal_flash.o
htim2               0x48              ./Core/Src/main.o

Discarded input sections

 .text          0x0000000000000000        0x0 c:/st/stm32cubeide_1.7.0/stm32cubeide/plugins/com.st.stm32cube.ide.mcu.externaltools.gnu-tools-for-stm32.9-2020-q2-update.win32_2.0.0.202105311346/tools/bin/../lib/gcc/arm-none-eabi/9.3.1/thumb/v7-m/nofp/crti.o
 .data          0x0000000000000000        0x0 c:/st/stm32cubeide_1.7.0/stm32cubeide/plugins/com.st.stm32cube.ide.mcu.externaltools.gnu-tools-for-stm32.9-2020-q2-update.win32_2.0.0.202105311346/tools/bin/../lib/gcc/arm-none-eabi/9.3.1/thumb/v7-m/nofp/crti.o
 .bss           0x0000000000000000        0x0 c:/st/stm32cubeide_1.7.0/stm32cubeide/plugins/com.st.stm32cube.ide.mcu.externaltools.gnu-tools-for-stm32.9-2020-q2-update.win32_2.0.0.202105311346/tools/bin/../lib/gcc/arm-none-eabi/9.3.1/thumb/v7-m/nofp/crti.o
 .data          0x0000000000000000        0x4 c:/st/stm32cubeide_1.7.0/stm32cubeide/plugins/com.st.stm32cube.ide.mcu.externaltools.gnu-tools-for-stm32.9-2020-q2-update.win32_2.0.0.202105311346/tools/bin/../lib/gcc/arm-none-eabi/9.3.1/thumb/v7-m/nofp/crtbegin.o
 .text          0x0000000000000000       0x7c c:/st/stm32cubeide_1.7.0/stm32cubeide/plugins/com.st.stm32cube.ide.mcu.externaltools.gnu-tools-for-stm32.9-2020-q2-update.win32_2.0.0.202105311346/tools/bin/../lib/gcc/arm-none-eabi/9.3.1/../../../../arm-none-eabi/lib/thumb/v7-m/nofp/crt0.o
 .data          0x0000000000000000        0x0 c:/st/stm32cubeide_1.7.0/stm32cubeide/plugins/com.st.stm32cube.ide.mcu.externaltools.gnu-tools-for-stm32.9-2020-q2-update.win32_2.0.0.202105311346/tools/bin/../lib/gcc/arm-none-eabi/9.3.1/../../../../arm-none-eabi/lib/thumb/v7-m/nofp/crt0.o
 .bss           0x0000000000000000        0x0 c:/st/stm32cubeide_1.7.0/stm32cubeide/plugins/com.st.stm32cube.ide.mcu.externaltools.gnu-tools-for-stm32.9-2020-q2-update.win32_2.0.0.202105311346/tools/bin/../lib/gcc/arm-none-eabi/9.3.1/../../../../arm-none-eabi/lib/thumb/v7-m/nofp/crt0.o
[...]
Memory Configuration

Name             Origin             Length             Attributes
RAM              0x0000000020000000 0x0000000000002800 xrw
FLASH            0x0000000008000000 0x0000000000008000 xr
*default*        0x0000000000000000 0xffffffffffffffff

Linker script and memory map

LOAD c:/st/stm32cubeide_1.7.0/stm32cubeide/plugins/com.st.stm32cube.ide.mcu.externaltools.gnu-tools-for-stm32.9-2020-q2-update.win32_2.0.0.202105311346/tools/bin/../lib/gcc/arm-none-eabi/9.3.1/thumb/v7-m/nofp/crti.o
LOAD c:/st/stm32cubeide_1.7.0/stm32cubeide/plugins/com.st.stm32cube.ide.mcu.externaltools.gnu-tools-for-stm32.9-2020-q2-update.win32_2.0.0.202105311346/tools/bin/../lib/gcc/arm-none-eabi/9.3.1/thumb/v7-m/nofp/crtbegin.o
LOAD c:/st/stm32cubeide_1.7.0/stm32cubeide/plugins/com.st.stm32cube.ide.mcu.externaltools.gnu-tools-for-stm32.9-2020-q2-update.win32_2.0.0.202105311346/tools/bin/../lib/gcc/arm-none-eabi/9.3.1/../../../../arm-none-eabi/lib/thumb/v7-m/nofp/crt0.o
LOAD ./Core/Src/led_blink.o
LOAD ./Core/Src/main.o
LOAD ./Core/Src/scheduler.o
LOAD ./Core/Src/stm32f1xx_hal_msp.o
LOAD ./Core/Src/stm32f1xx_it.o
LOAD ./Core/Src/syscalls.o
LOAD ./Core/Src/sysmem.o
LOAD ./Core/Src/system_stm32f1xx.o
LOAD ./Core/Startup/startup_stm32f103c6ux.o
LOAD ./Drivers/STM32F1xx_HAL_Driver/Src/stm32f1xx_hal.o
LOAD ./Drivers/STM32F1xx_HAL_Driver/Src/stm32f1xx_hal_cortex.o
LOAD ./Drivers/STM32F1xx_HAL_Driver/Src/stm32f1xx_hal_dma.o
LOAD ./Drivers/STM32F1xx_HAL_Driver/Src/stm32f1xx_hal_exti.o
LOAD ./Drivers/STM32F1xx_HAL_Driver/Src/stm32f1xx_hal_flash.o
LOAD ./Drivers/STM32F1xx_HAL_Driver/Src/stm32f1xx_hal_flash_ex.o
LOAD ./Drivers/STM32F1xx_HAL_Driver/Src/stm32f1xx_hal_gpio.o
LOAD ./Drivers/STM32F1xx_HAL_Driver/Src/stm32f1xx_hal_gpio_ex.o
LOAD ./Drivers/STM32F1xx_HAL_Driver/Src/stm32f1xx_hal_pwr.o
LOAD ./Drivers/STM32F1xx_HAL_Driver/Src/stm32f1xx_hal_rcc.o
LOAD ./Drivers/STM32F1xx_HAL_Driver/Src/stm32f1xx_hal_rcc_ex.o
LOAD ./Drivers/STM32F1xx_HAL_Driver/Src/stm32f1xx_hal_tim.o
LOAD ./Drivers/STM32F1xx_HAL_Driver/Src/stm32f1xx_hal_tim_ex.o
START GROUP
LOAD c:/st/stm32cubeide_1.7.0/stm32cubeide/plugins/com.st.stm32cube.ide.mcu.externaltools.gnu-tools-for-stm32.9-2020-q2-update.win32_2.0.0.202105311346/tools/bin/../lib/gcc/arm-none-eabi/9.3.1/../../../../arm-none-eabi/lib/thumb/v7-m/nofp\libc_nano.a
LOAD c:/st/stm32cubeide_1.7.0/stm32cubeide/plugins/com.st.stm32cube.ide.mcu.externaltools.gnu-tools-for-stm32.9-2020-q2-update.win32_2.0.0.202105311346/tools/bin/../lib/gcc/arm-none-eabi/9.3.1/../../../../arm-none-eabi/lib/thumb/v7-m/nofp\libm.a
END GROUP
START GROUP
LOAD c:/st/stm32cubeide_1.7.0/stm32cubeide/plugins/com.st.stm32cube.ide.mcu.externaltools.gnu-tools-for-stm32.9-2020-q2-update.win32_2.0.0.202105311346/tools/bin/../lib/gcc/arm-none-eabi/9.3.1/thumb/v7-m/nofp\libgcc.a
LOAD c:/st/stm32cubeide_1.7.0/stm32cubeide/plugins/com.st.stm32cube.ide.mcu.externaltools.gnu-tools-for-stm32.9-2020-q2-update.win32_2.0.0.202105311346/tools/bin/../lib/gcc/arm-none-eabi/9.3.1/../../../../arm-none-eabi/lib/thumb/v7-m/nofp\libc_nano.a
END GROUP
START GROUP
LOAD c:/st/stm32cubeide_1.7.0/stm32cubeide/plugins/com.st.stm32cube.ide.mcu.externaltools.gnu-tools-for-stm32.9-2020-q2-update.win32_2.0.0.202105311346/tools/bin/../lib/gcc/arm-none-eabi/9.3.1/thumb/v7-m/nofp\libgcc.a
LOAD c:/st/stm32cubeide_1.7.0/stm32cubeide/plugins/com.st.stm32cube.ide.mcu.externaltools.gnu-tools-for-stm32.9-2020-q2-update.win32_2.0.0.202105311346/tools/bin/../lib/gcc/arm-none-eabi/9.3.1/../../../../arm-none-eabi/lib/thumb/v7-m/nofp\libc_nano.a
LOAD c:/st/stm32cubeide_1.7.0/stm32cubeide/plugins/com.st.stm32cube.ide.mcu.externaltools.gnu-tools-for-stm32.9-2020-q2-update.win32_2.0.0.202105311346/tools/bin/../lib/gcc/arm-none-eabi/9.3.1/../../../../arm-none-eabi/lib/thumb/v7-m/nofp\libnosys.a
END GROUP
START GROUP
LOAD c:/st/stm32cubeide_1.7.0/stm32cubeide/plugins/com.st.stm32cube.ide.mcu.externaltools.gnu-tools-for-stm32.9-2020-q2-update.win32_2.0.0.202105311346/tools/bin/../lib/gcc/arm-none-eabi/9.3.1/thumb/v7-m/nofp\libgcc.a
LOAD c:/st/stm32cubeide_1.7.0/stm32cubeide/plugins/com.st.stm32cube.ide.mcu.externaltools.gnu-tools-for-stm32.9-2020-q2-update.win32_2.0.0.202105311346/tools/bin/../lib/gcc/arm-none-eabi/9.3.1/../../../../arm-none-eabi/lib/thumb/v7-m/nofp\libc_nano.a
LOAD c:/st/stm32cubeide_1.7.0/stm32cubeide/plugins/com.st.stm32cube.ide.mcu.externaltools.gnu-tools-for-stm32.9-2020-q2-update.win32_2.0.0.202105311346/tools/bin/../lib/gcc/arm-none-eabi/9.3.1/../../../../arm-none-eabi/lib/thumb/v7-m/nofp\libnosys.a
END GROUP
LOAD c:/st/stm32cubeide_1.7.0/stm32cubeide/plugins/com.st.stm32cube.ide.mcu.externaltools.gnu-tools-for-stm32.9-2020-q2-update.win32_2.0.0.202105311346/tools/bin/../lib/gcc/arm-none-eabi/9.3.1/thumb/v7-m/nofp/crtend.o
LOAD c:/st/stm32cubeide_1.7.0/stm32cubeide/plugins/com.st.stm32cube.ide.mcu.externaltools.gnu-tools-for-stm32.9-2020-q2-update.win32_2.0.0.202105311346/tools/bin/../lib/gcc/arm-none-eabi/9.3.1/thumb/v7-m/nofp/crtn.o
                0x0000000020002800                _estack = (ORIGIN (RAM) + LENGTH (RAM))
                0x0000000000000200                _Min_Heap_Size = 0x200
                0x0000000000000400                _Min_Stack_Size = 0x400

.isr_vector     0x0000000008000000      0x10c
                0x0000000008000000                . = ALIGN (0x4)
 *(.isr_vector)
 .isr_vector    0x0000000008000000      0x10c ./Core/Startup/startup_stm32f103c6ux.o
                0x0000000008000000                g_pfnVectors
                0x000000000800010c                . = ALIGN (0x4)

.text           0x000000000800010c     0x1cbc
                0x000000000800010c                . = ALIGN (0x4)
 *(.text)
 .text          0x000000000800010c       0x40 c:/st/stm32cubeide_1.7.0/stm32cubeide/plugins/com.st.stm32cube.ide.mcu.externaltools.gnu-tools-for-stm32.9-2020-q2-update.win32_2.0.0.202105311346/tools/bin/../lib/gcc/arm-none-eabi/9.3.1/thumb/v7-m/nofp/crtbegin.o
 *(.text*)
 .text.blink_GREEN
                0x000000000800014c       0x14 ./Core/Src/led_blink.o
                0x000000000800014c                blink_GREEN
 .text.blink_PURPLE
                0x0000000008000160       0x14 ./Core/Src/led_blink.o
                0x0000000008000160                blink_PURPLE
 .text.blink_RED
                0x0000000008000174       0x14 ./Core/Src/led_blink.o
                0x0000000008000174                blink_RED
 .text.blink_WHITE
                0x0000000008000188       0x14 ./Core/Src/led_blink.o
                0x0000000008000188                blink_WHITE
 .text.blink_YELLOW
                0x000000000800019c       0x14 ./Core/Src/led_blink.o
                0x000000000800019c                blink_YELLOW
 .text.HAL_TIM_PeriodElapsedCallback
                0x00000000080001b0       0x14 ./Core/Src/main.o
                0x00000000080001b0                HAL_TIM_PeriodElapsedCallback
 .text.main     0x00000000080001c4       0x64 ./Core/Src/main.o
                0x00000000080001c4                main
 .text.SystemClock_Config
                0x0000000008000228       0x76 ./Core/Src/main.o
                0x0000000008000228                SystemClock_Config
 *fill*         0x000000000800029e        0x2 
 .text.MX_TIM2_Init
                0x00000000080002a0       0x98 ./Core/Src/main.o
 .text.MX_GPIO_Init
                0x0000000008000338       0x64 ./Core/Src/main.o
 .text.Error_Handler
                0x000000000800039c        0xa ./Core/Src/main.o
                0x000000000800039c                Error_Handler
 .text.SCH_Init
                0x00000000080003a6       0x2a ./Core/Src/scheduler.o
                0x00000000080003a6                SCH_Init
 .text.SCH_Update
                0x00000000080003d0       0x48 ./Core/Src/scheduler.o
                0x00000000080003d0                SCH_Update
 .text.SCH_Add_Task
                0x0000000008000418      0x1ec ./Core/Src/scheduler.o
                0x0000000008000418                SCH_Add_Task
 .text.SCH_Dispatch_Tasks
                0x0000000008000604       0x5c ./Core/Src/scheduler.o
                0x0000000008000604                SCH_Dispatch_Tasks
 .text.SCH_Delete_Task
                0x0000000008000660       0x6c ./Core/Src/scheduler.o
                0x0000000008000660                SCH_Delete_Task
 .text.HAL_MspInit
                0x00000000080006cc       0x64 ./Core/Src/stm32f1xx_hal_msp.o
                0x00000000080006cc                HAL_MspInit
 .text.HAL_TIM_Base_MspInit
                0x0000000008000730       0x48 ./Core/Src/stm32f1xx_hal_msp.o
                0x0000000008000730                HAL_TIM_Base_MspInit
 .text.NMI_Handler
                0x0000000008000778        0x6 ./Core/Src/stm32f1xx_it.o
                0x0000000008000778                NMI_Handler
 .text.HardFault_Handler
                0x000000000800077e        0x6 ./Core/Src/stm32f1xx_it.o
                0x000000000800077e                HardFault_Handler
 .text.MemManage_Handler
                0x0000000008000784        0x6 ./Core/Src/stm32f1xx_it.o
                0x0000000008000784                MemManage_Handler
 .text.BusFault_Handler
                0x000000000800078a        0x6 ./Core/Src/stm32f1xx_it.o
                0x000000000800078a                BusFault_Handler
 .text.UsageFault_Handler
                0x0000000008000790        0x6 ./Core/Src/stm32f1xx_it.o
                0x0000000008000790                UsageFault_Handler
 .text.SVC_Handler
                0x0000000008000796        0xc ./Core/Src/stm32f1xx_it.o
                0x0000000008000796                SVC_Handler
 .text.DebugMon_Handler
                0x00000000080007a2        0xc ./Core/Src/stm32f1xx_it.o
                0x00000000080007a2                DebugMon_Handler
 .text.PendSV_Handler
                0x00000000080007ae        0xc ./Core/Src/stm32f1xx_it.o
                0x00000000080007ae                PendSV_Handler
 .text.SysTick_Handler
                0x00000000080007ba        0xc ./Core/Src/stm32f1xx_it.o
                0x00000000080007ba                SysTick_Handler
 *fill*         0x00000000080007c6        0x2 
 .text.TIM2_IRQHandler
                0x00000000080007c8       0x14 ./Core/Src/stm32f1xx_it.o
                0x00000000080007c8                TIM2_IRQHandler
 .text.SystemInit
                0x00000000080007dc        0xc ./Core/Src/system_stm32f1xx.o
                0x00000000080007dc                SystemInit
 .text.Reset_Handler
                0x00000000080007e8       0x48 ./Core/Startup/startup_stm32f103c6ux.o
                0x00000000080007e8                Reset_Handler
 .text.Default_Handler
                0x0000000008000830        0x2 ./Core/Startup/startup_stm32f103c6ux.o
                0x0000000008000830                RTC_Alarm_IRQHandler
                0x0000000008000830                EXTI2_IRQHandler
                0x0000000008000830                TIM1_CC_IRQHandler
                0x0000000008000830                PVD_IRQHandler
                0x0000000008000830                EXTI3_IRQHandler
                0x0000000008000830                EXTI0_IRQHandler
                0x0000000008000830                ADC1_2_IRQHandler
                0x0000000008000830                SPI1_IRQHandler
                0x0000000008000830                TAMPER_IRQHandler
                0x0000000008000830                DMA1_Channel4_IRQHandler
                0x0000000008000830                RTC_IRQHandler
                0x0000000008000830                DMA1_Channel7_IRQHandler
                0x0000000008000830                CAN1_RX1_IRQHandler
                0x0000000008000830                I2C1_EV_IRQHandler
                0x0000000008000830                DMA1_Channel6_IRQHandler
                0x0000000008000830                TIM3_IRQHandler
                0x0000000008000830                RCC_IRQHandler
                0x0000000008000830                TIM1_TRG_COM_IRQHandler
                0x0000000008000830                DMA1_Channel1_IRQHandler
                0x0000000008000830                Default_Handler
                0x0000000008000830                EXTI15_10_IRQHandler
                0x0000000008000830                EXTI9_5_IRQHandler
                0x0000000008000830                DMA1_Channel5_IRQHandler
                0x0000000008000830                EXTI4_IRQHandler
                0x0000000008000830                USB_LP_CAN1_RX0_IRQHandler
                0x0000000008000830                USB_HP_CAN1_TX_IRQHandler
                0x0000000008000830                DMA1_Channel3_IRQHandler
                0x0000000008000830                TIM1_UP_IRQHandler
                0x0000000008000830                WWDG_IRQHandler
                0x0000000008000830                TIM1_BRK_IRQHandler
                0x0000000008000830                EXTI1_IRQHandler
                0x0000000008000830                USART2_IRQHandler
                0x0000000008000830                DMA1_Channel2_IRQHandler
                0x0000000008000830                CAN1_SCE_IRQHandler
                0x0000000008000830                FLASH_IRQHandler
                0x0000000008000830                USART1_IRQHandler
                0x0000000008000830                I2C1_ER_IRQHandler
                0x0000000008000830                USBWakeUp_IRQHandler
 *fill*         0x0000000008000832        0x2 
 .text.HAL_Init
                0x0000000008000834       0x2c ./Drivers/STM32F1xx_HAL_Driver/Src/stm32f1xx_hal.o
                0x0000000008000834                HAL_Init
 .text.HAL_InitTick
                0x0000000008000860       0x60 ./Drivers/STM32F1xx_HAL_Driver/Src/stm32f1xx_hal.o
                0x0000000008000860                HAL_InitTick
 .text.HAL_IncTick
                0x00000000080008c0       0x24 ./Drivers/STM32F1xx_HAL_Driver/Src/stm32f1xx_hal.o
                0x00000000080008c0                HAL_IncTick
 .text.HAL_GetTick
                0x00000000080008e4       0x14 ./Drivers/STM32F1xx_HAL_Driver/Src/stm32f1xx_hal.o
                0x00000000080008e4                HAL_GetTick
 .text.__NVIC_SetPriorityGrouping
                0x00000000080008f8       0x48 ./Drivers/STM32F1xx_HAL_Driver/Src/stm32f1xx_hal_cortex.o
 .text.__NVIC_GetPriorityGrouping
                0x0000000008000940       0x1c ./Drivers/STM32F1xx_HAL_Driver/Src/stm32f1xx_hal_cortex.o
 .text.__NVIC_EnableIRQ
                0x000000000800095c       0x38 ./Drivers/STM32F1xx_HAL_Driver/Src/stm32f1xx_hal_cortex.o
 .text.__NVIC_SetPriority
                0x0000000008000994       0x54 ./Drivers/STM32F1xx_HAL_Driver/Src/stm32f1xx_hal_cortex.o
 .text.NVIC_EncodePriority
                0x00000000080009e8       0x64 ./Drivers/STM32F1xx_HAL_Driver/Src/stm32f1xx_hal_cortex.o
 .text.SysTick_Config
                0x0000000008000a4c       0x44 ./Drivers/STM32F1xx_HAL_Driver/Src/stm32f1xx_hal_cortex.o
 .text.HAL_NVIC_SetPriorityGrouping
                0x0000000008000a90       0x16 ./Drivers/STM32F1xx_HAL_Driver/Src/stm32f1xx_hal_cortex.o
                0x0000000008000a90                HAL_NVIC_SetPriorityGrouping
 .text.HAL_NVIC_SetPriority
                0x0000000008000aa6       0x38 ./Drivers/STM32F1xx_HAL_Driver/Src/stm32f1xx_hal_cortex.o
                0x0000000008000aa6                HAL_NVIC_SetPriority
 .text.HAL_NVIC_EnableIRQ
                0x0000000008000ade       0x1c ./Drivers/STM32F1xx_HAL_Driver/Src/stm32f1xx_hal_cortex.o
                0x0000000008000ade                HAL_NVIC_EnableIRQ
 .text.HAL_SYSTICK_Config
                0x0000000008000afa       0x18 ./Drivers/STM32F1xx_HAL_Driver/Src/stm32f1xx_hal_cortex.o
                0x0000000008000afa                HAL_SYSTICK_Config
 *fill*         0x0000000008000b12        0x2 
 .text.HAL_GPIO_Init
                0x0000000008000b14      0x2f4 ./Drivers/STM32F1xx_HAL_Driver/Src/stm32f1xx_hal_gpio.o
                0x0000000008000b14                HAL_GPIO_Init
 .text.HAL_GPIO_WritePin
                0x0000000008000e08       0x30 ./Drivers/STM32F1xx_HAL_Driver/Src/stm32f1xx_hal_gpio.o
                0x0000000008000e08                HAL_GPIO_WritePin
 .text.HAL_GPIO_TogglePin
                0x0000000008000e38       0x32 ./Drivers/STM32F1xx_HAL_Driver/Src/stm32f1xx_hal_gpio.o
                0x0000000008000e38                HAL_GPIO_TogglePin
 *fill*         0x0000000008000e6a        0x2 
 .text.HAL_RCC_OscConfig
                0x0000000008000e6c      0x500 ./Drivers/STM32F1xx_HAL_Driver/Src/stm32f1xx_hal_rcc.o
                0x0000000008000e6c                HAL_RCC_OscConfig
 .text.HAL_RCC_ClockConfig
                0x000000000800136c      0x1d4 ./Drivers/STM32F1xx_HAL_Driver/Src/stm32f1xx_hal_rcc.o
                0x000000000800136c                HAL_RCC_ClockConfig
 .text.HAL_RCC_GetSysClockFreq
                0x0000000008001540       0xa8 ./Drivers/STM32F1xx_HAL_Driver/Src/stm32f1xx_hal_rcc.o
                0x0000000008001540                HAL_RCC_GetSysClockFreq
 .text.RCC_Delay
                0x00000000080015e8       0x3c ./Drivers/STM32F1xx_HAL_Driver/Src/stm32f1xx_hal_rcc.o
 .text.HAL_TIM_Base_Init
                0x0000000008001624       0x9e ./Drivers/STM32F1xx_HAL_Driver/Src/stm32f1xx_hal_tim.o
                0x0000000008001624                HAL_TIM_Base_Init
 .text.HAL_TIM_IRQHandler
                0x00000000080016c2      0x210 ./Drivers/STM32F1xx_HAL_Driver/Src/stm32f1xx_hal_tim.o
                0x00000000080016c2                HAL_TIM_IRQHandler
 .text.HAL_TIM_ConfigClockSource
                0x00000000080018d2      0x18e ./Drivers/STM32F1xx_HAL_Driver/Src/stm32f1xx_hal_tim.o
                0x00000000080018d2                HAL_TIM_ConfigClockSource
 .text.HAL_TIM_OC_DelayElapsedCallback
                0x0000000008001a60       0x12 ./Drivers/STM32F1xx_HAL_Driver/Src/stm32f1xx_hal_tim.o
                0x0000000008001a60                HAL_TIM_OC_DelayElapsedCallback
 .text.HAL_TIM_IC_CaptureCallback
                0x0000000008001a72       0x12 ./Drivers/STM32F1xx_HAL_Driver/Src/stm32f1xx_hal_tim.o
                0x0000000008001a72                HAL_TIM_IC_CaptureCallback
 .text.HAL_TIM_PWM_PulseFinishedCallback
                0x0000000008001a84       0x12 ./Drivers/STM32F1xx_HAL_Driver/Src/stm32f1xx_hal_tim.o
                0x0000000008001a84                HAL_TIM_PWM_PulseFinishedCallback
 .text.HAL_TIM_TriggerCallback
                0x0000000008001a96       0x12 ./Drivers/STM32F1xx_HAL_Driver/Src/stm32f1xx_hal_tim.o
                0x0000000008001a96                HAL_TIM_TriggerCallback
 .text.TIM_Base_SetConfig
                0x0000000008001aa8       0xb0 ./Drivers/STM32F1xx_HAL_Driver/Src/stm32f1xx_hal_tim.o
                0x0000000008001aa8                TIM_Base_SetConfig
 .text.TIM_TI1_ConfigInputStage
                0x0000000008001b58       0x5c ./Drivers/STM32F1xx_HAL_Driver/Src/stm32f1xx_hal_tim.o
 .text.TIM_TI2_ConfigInputStage
                0x0000000008001bb4       0x5e ./Drivers/STM32F1xx_HAL_Driver/Src/stm32f1xx_hal_tim.o
 .text.TIM_ITRx_SetConfig
                0x0000000008001c12       0x34 ./Drivers/STM32F1xx_HAL_Driver/Src/stm32f1xx_hal_tim.o
 .text.TIM_ETR_SetConfig
                0x0000000008001c46       0x3e ./Drivers/STM32F1xx_HAL_Driver/Src/stm32f1xx_hal_tim.o
                0x0000000008001c46                TIM_ETR_SetConfig
 .text.HAL_TIMEx_MasterConfigSynchronization
                0x0000000008001c84       0xb0 ./Drivers/STM32F1xx_HAL_Driver/Src/stm32f1xx_hal_tim_ex.o
                0x0000000008001c84                HAL_TIMEx_MasterConfigSynchronization
 .text.HAL_TIMEx_CommutCallback
                0x0000000008001d34       0x12 ./Drivers/STM32F1xx_HAL_Driver/Src/stm32f1xx_hal_tim_ex.o
                0x0000000008001d34                HAL_TIMEx_CommutCallback
 .text.HAL_TIMEx_BreakCallback
                0x0000000008001d46       0x12 ./Drivers/STM32F1xx_HAL_Driver/Src/stm32f1xx_hal_tim_ex.o
                0x0000000008001d46                HAL_TIMEx_BreakCallback
 .text.__libc_init_array
                0x0000000008001d58       0x48 c:/st/stm32cubeide_1.7.0/stm32cubeide/plugins/com.st.stm32cube.ide.mcu.externaltools.gnu-tools-for-stm32.9-2020-q2-update.win32_2.0.0.202105311346/tools/bin/../lib/gcc/arm-none-eabi/9.3.1/../../../../arm-none-eabi/lib/thumb/v7-m/nofp\libc_nano.a(lib_a-init.o)
                0x0000000008001d58                __libc_init_array
 .text.memset   0x0000000008001da0       0x10 c:/st/stm32cubeide_1.7.0/stm32cubeide/plugins/com.st.stm32cube.ide.mcu.externaltools.gnu-tools-for-stm32.9-2020-q2-update.win32_2.0.0.202105311346/tools/bin/../lib/gcc/arm-none-eabi/9.3.1/../../../../arm-none-eabi/lib/thumb/v7-m/nofp\libc_nano.a(lib_a-memset.o)
                0x0000000008001da0                memset
 *(.glue_7)
 .glue_7        0x0000000008001db0        0x0 linker stubs
 *(.glue_7t)
 .glue_7t       0x0000000008001db0        0x0 linker stubs
 *(.eh_frame)
 .eh_frame      0x0000000008001db0        0x0 c:/st/stm32cubeide_1.7.0/stm32cubeide/plugins/com.st.stm32cube.ide.mcu.externaltools.gnu-tools-for-stm32.9-2020-q2-update.win32_2.0.0.202105311346/tools/bin/../lib/gcc/arm-none-eabi/9.3.1/thumb/v7-m/nofp/crtbegin.o
 *(.init)
 .init          0x0000000008001db0        0x4 c:/st/stm32cubeide_1.7.0/stm32cubeide/plugins/com.st.stm32cube.ide.mcu.externaltools.gnu-tools-for-stm32.9-2020-q2-update.win32_2.0.0.202105311346/tools/bin/../lib/gcc/arm-none-eabi/9.3.1/thumb/v7-m/nofp/crti.o
                0x0000000008001db0                _init
 .init          0x0000000008001db4        0x8 c:/st/stm32cubeide_1.7.0/stm32cubeide/plugins/com.st.stm32cube.ide.mcu.externaltools.gnu-tools-for-stm32.9-2020-q2-update.win32_2.0.0.202105311346/tools/bin/../lib/gcc/arm-none-eabi/9.3.1/thumb/v7-m/nofp/crtn.o
 *(.fini)
 .fini          0x0000000008001dbc        0x4 c:/st/stm32cubeide_1.7.0/stm32cubeide/plugins/com.st.stm32cube.ide.mcu.externaltools.gnu-tools-for-stm32.9-2020-q2-update.win32_2.0.0.202105311346/tools/bin/../lib/gcc/arm-none-eabi/9.3.1/thumb/v7-m/nofp/crti.o
                0x0000000008001dbc                _fini
 .fini          0x0000000008001dc0        0x8 c:/st/stm32cubeide_1.7.0/stm32cubeide/plugins/com.st.stm32cube.ide.mcu.externaltools.gnu-tools-for-stm32.9-2020-q2-update.win32_2.0.0.202105311346/tools/bin/../lib/gcc/arm-none-eabi/9.3.1/thumb/v7-m/nofp/crtn.o
                0x0000000008001dc8                . = ALIGN (0x4)
                0x0000000008001dc8                _etext = .

.vfp11_veneer   0x0000000008001dc8        0x0
 .vfp11_veneer  0x0000000008001dc8        0x0 linker stubs

.v4_bx          0x0000000008001dc8        0x0
 .v4_bx         0x0000000008001dc8        0x0 linker stubs

.iplt           0x0000000008001dc8        0x0
 .iplt          0x0000000008001dc8        0x0 c:/st/stm32cubeide_1.7.0/stm32cubeide/plugins/com.st.stm32cube.ide.mcu.externaltools.gnu-tools-for-stm32.9-2020-q2-update.win32_2.0.0.202105311346/tools/bin/../lib/gcc/arm-none-eabi/9.3.1/thumb/v7-m/nofp/crtbegin.o

.rodata         0x0000000008001dc8       0x24
                0x0000000008001dc8                . = ALIGN (0x4)
 *(.rodata)
 *(.rodata*)
 .rodata.AHBPrescTable
                0x0000000008001dc8       0x10 ./Core/Src/system_stm32f1xx.o
                0x0000000008001dc8                AHBPrescTable
 .rodata.aPLLMULFactorTable.6032
                0x0000000008001dd8       0x10 ./Drivers/STM32F1xx_HAL_Driver/Src/stm32f1xx_hal_rcc.o
 .rodata.aPredivFactorTable.6033
                0x0000000008001de8        0x2 ./Drivers/STM32F1xx_HAL_Driver/Src/stm32f1xx_hal_rcc.o
                0x0000000008001dec                . = ALIGN (0x4)
 *fill*         0x0000000008001dea        0x2 

.rel.dyn        0x0000000008001dec        0x0
 .rel.iplt      0x0000000008001dec        0x0 c:/st/stm32cubeide_1.7.0/stm32cubeide/plugins/com.st.stm32cube.ide.mcu.externaltools.gnu-tools-for-stm32.9-2020-q2-update.win32_2.0.0.202105311346/tools/bin/../lib/gcc/arm-none-eabi/9.3.1/thumb/v7-m/nofp/crtbegin.o

.ARM.extab      0x0000000008001dec        0x0
                0x0000000008001dec                . = ALIGN (0x4)
 *(.ARM.extab* .gnu.linkonce.armextab.*)
                0x0000000008001dec                . = ALIGN (0x4)

.ARM            0x0000000008001dec        0x0
                0x0000000008001dec                . = ALIGN (0x4)
                0x0000000008001dec                __exidx_start = .
 *(.ARM.exidx*)
                0x0000000008001dec                __exidx_end = .
                0x0000000008001dec                . = ALIGN (0x4)

.preinit_array  0x0000000008001dec        0x0
                0x0000000008001dec                . = ALIGN (0x4)
                0x0000000008001dec                PROVIDE (__preinit_array_start = .)
 *(.preinit_array*)
                0x0000000008001dec                PROVIDE (__preinit_array_end = .)
                0x0000000008001dec                . = ALIGN (0x4)

.init_array     0x0000000008001dec        0x4
                0x0000000008001dec                . = ALIGN (0x4)
                0x0000000008001dec                PROVIDE (__init_array_start = .)
 *(SORT_BY_NAME(.init_array.*))
 *(.init_array*)
 .init_array    0x0000000008001dec        0x4 c:/st/stm32cubeide_1.7.0/stm32cubeide/plugins/com.st.stm32cube.ide.mcu.externaltools.gnu-tools-for-stm32.9-2020-q2-update.win32_2.0.0.202105311346/tools/bin/../lib/gcc/arm-none-eabi/9.3.1/thumb/v7-m/nofp/crtbegin.o
                0x0000000008001df0                PROVIDE (__init_array_end = .)
                0x0000000008001df0                . = ALIGN (0x4)

.fini_array     0x0000000008001df0        0x4
                0x0000000008001df0                . = ALIGN (0x4)
                [!provide]                        PROVIDE (__fini_array_start = .)
 *(SORT_BY_NAME(.fini_array.*))
 *(.fini_array*)
 .fini_array    0x0000000008001df0        0x4 c:/st/stm32cubeide_1.7.0/stm32cubeide/plugins/com.st.stm32cube.ide.mcu.externaltools.gnu-tools-for-stm32.9-2020-q2-update.win32_2.0.0.202105311346/tools/bin/../lib/gcc/arm-none-eabi/9.3.1/thumb/v7-m/nofp/crtbegin.o
                [!provide]                        PROVIDE (__fini_array_end = .)
                0x0000000008001df4                . = ALIGN (0x4)
                0x0000000008001df4                _sidata = LOADADDR (.data)

.data           0x0000000020000000        0xc load address 0x0000000008001df4
                0x0000000020000000                . = ALIGN (0x4)
                0x0000000020000000                _sdata = .
 *(.data)
 *(.data*)
 .data.SystemCoreClock
                0x0000000020000000        0x4 ./Core/Src/system_stm32f1xx.o
                0x0000000020000000                SystemCoreClock
 .data.uwTickPrio
                0x0000000020000004        0x4 ./Drivers/STM32F1xx_HAL_Driver/Src/stm32f1xx_hal.o
                0x0000000020000004                uwTickPrio
 .data.uwTickFreq
                0x0000000020000008        0x1 ./Drivers/STM32F1xx_HAL_Driver/Src/stm32f1xx_hal.o
                0x0000000020000008                uwTickFreq
 *(.RamFunc)
 *(.RamFunc*)
                0x000000002000000c                . = ALIGN (0x4)
 *fill*         0x0000000020000009        0x3 
                0x000000002000000c                _edata = .

.igot.plt       0x000000002000000c        0x0 load address 0x0000000008001e00
 .igot.plt      0x000000002000000c        0x0 c:/st/stm32cubeide_1.7.0/stm32cubeide/plugins/com.st.stm32cube.ide.mcu.externaltools.gnu-tools-for-stm32.9-2020-q2-update.win32_2.0.0.202105311346/tools/bin/../lib/gcc/arm-none-eabi/9.3.1/thumb/v7-m/nofp/crtbegin.o
                0x000000002000000c                . = ALIGN (0x4)

.bss            0x000000002000000c      0x38c load address 0x0000000008001e00
                0x000000002000000c                _sbss = .
                0x000000002000000c                __bss_start__ = _sbss
 *(.bss)
 .bss           0x000000002000000c       0x1c c:/st/stm32cubeide_1.7.0/stm32cubeide/plugins/com.st.stm32cube.ide.mcu.externaltools.gnu-tools-for-stm32.9-2020-q2-update.win32_2.0.0.202105311346/tools/bin/../lib/gcc/arm-none-eabi/9.3.1/thumb/v7-m/nofp/crtbegin.o
 *(.bss*)
 .bss.count     0x0000000020000028        0x4 ./Core/Src/scheduler.o
                0x0000000020000028                count
 *(COMMON)
 COMMON         0x000000002000002c      0x368 ./Core/Src/main.o
                0x000000002000002c                SCH_tasks_G
                0x000000002000034c                htim2
 COMMON         0x0000000020000394        0x4 ./Drivers/STM32F1xx_HAL_Driver/Src/stm32f1xx_hal.o
                0x0000000020000394                uwTick
                0x0000000020000398                . = ALIGN (0x4)
                0x0000000020000398                _ebss = .
                0x0000000020000398                __bss_end__ = _ebss

._user_heap_stack
                0x0000000020000398      0x600 load address 0x0000000008001e00
                0x0000000020000398                . = ALIGN (0x8)
                [!provide]                        PROVIDE (end = .)
                0x0000000020000398                PROVIDE (_end = .)
                0x0000000020000598                . = (. + _Min_Heap_Size)
 *fill*         0x0000000020000398      0x200 
                0x0000000020000998                . = (. + _Min_Stack_Size)
 *fill*         0x0000000020000598      0x400 
                0x0000000020000998                . = ALIGN (0x8)

/DISCARD/
 libc.a(*)
 libm.a(*)
 libgcc.a(*)

.ARM.attributes
                0x0000000000000000       0x29
 *(.ARM.attributes)
 .ARM.attributes
                0x0000000000000000       0x1d c:/st/stm32cubeide_1.7.0/stm32cubeide/plugins/com.st.stm32cube.ide.mcu.externaltools.gnu-tools-for-stm32.9-2020-q2-update.win32_2.0.0.202105311346/tools/bin/../lib/gcc/arm-none-eabi/9.3.1/thumb/v7-m/nofp/crti.o
 .ARM.attributes
                0x000000000000001d       0x2d c:/st/stm32cubeide_1.7.0/stm32cubeide/plugins/com.st.stm32cube.ide.mcu.externaltools.gnu-tools-for-stm32.9-2020-q2-update.win32_2.0.0.202105311346/tools/bin/../lib/gcc/arm-none-eabi/9.3.1/thumb/v7-m/nofp/crtbegin.o
 .ARM.attributes
                0x000000000000004a       0x2d ./Core/Src/led_blink.o
 .ARM.attributes
                0x0000000000000077       0x2d ./Core/Src/main.o
 .ARM.attributes
                0x00000000000000a4       0x2d ./Core/Src/scheduler.o
 .ARM.attributes
                0x00000000000000d1       0x2d ./Core/Src/stm32f1xx_hal_msp.o
 .ARM.attributes
                0x00000000000000fe       0x2d ./Core/Src/stm32f1xx_it.o
 .ARM.attributes
                0x000000000000012b       0x2d ./Core/Src/system_stm32f1xx.o
 .ARM.attributes
                0x0000000000000158       0x21 ./Core/Startup/startup_stm32f103c6ux.o
 .ARM.attributes
                0x0000000000000179       0x2d ./Drivers/STM32F1xx_HAL_Driver/Src/stm32f1xx_hal.o
 .ARM.attributes
                0x00000000000001a6       0x2d ./Drivers/STM32F1xx_HAL_Driver/Src/stm32f1xx_hal_cortex.o
 .ARM.attributes
                0x00000000000001d3       0x2d ./Drivers/STM32F1xx_HAL_Driver/Src/stm32f1xx_hal_gpio.o
 .ARM.attributes
                0x0000000000000200       0x2d ./Drivers/STM32F1xx_HAL_Driver/Src/stm32f1xx_hal_rcc.o
 .ARM.attributes
                0x000000000000022d       0x2d ./Drivers/STM32F1xx_HAL_Driver/Src/stm32f1xx_hal_tim.o
 .ARM.attributes
                0x000000000000025a       0x2d ./Drivers/STM32F1xx_HAL_Driver/Src/stm32f1xx_hal_tim_ex.o
 .ARM.attributes
                0x0000000000000287       0x2d c:/st/stm32cubeide_1.7.0/stm32cubeide/plugins/com.st.stm32cube.ide.mcu.externaltools.gnu-tools-for-stm32.9-2020-q2-update.win32_2.0.0.202105311346/tools/bin/../lib/gcc/arm-none-eabi/9.3.1/../../../../arm-none-eabi/lib/thumb/v7-m/nofp\libc_nano.a(lib_a-init.o)
 .ARM.attributes
                0x00000000000002b4       0x2d c:/st/stm32cubeide_1.7.0/stm32cubeide/plugins/com.st.stm32cube.ide.mcu.externaltools.gnu-tools-for-stm32.9-2020-q2-update.win32_2.0.0.202105311346/tools/bin/../lib/gcc/arm-none-eabi/9.3.1/../../../../arm-none-eabi/lib/thumb/v7-m/nofp\libc_nano.a(lib_a-memset.o)
 .ARM.attributes
                0x00000000000002e1       0x1d c:/st/stm32cubeide_1.7.0/stm32cubeide/plugins/com.st.stm32cube.ide.mcu.externaltools.gnu-tools-for-stm32.9-2020-q2-update.win32_2.0.0.202105311346/tools/bin/../lib/gcc/arm-none-eabi/9.3.1/thumb/v7-m/nofp/crtn.o
OUTPUT(Scheduler.elf elf32-littlearm)
LOAD linker stubs
LOAD c:/st/stm32cubeide_1.7.0/stm32cubeide/plugins/com.st.stm32cube.ide.mcu.externaltools.gnu-tools-for-stm32.9-2020-q2-update.win32_2.0.0.202105311346/tools/bin/../lib/gcc/arm-none-eabi/9.3.1/../../../../arm-none-eabi/lib/thumb/v7-m/nofp\libc.a
LOAD c:/st/stm32cubeide_1.7.0/stm32cubeide/plugins/com.st.stm32cube.ide.mcu.externaltools.gnu-tools-for-stm32.9-2020-q2-update.win32_2.0.0.202105311346/tools/bin/../lib/gcc/arm-none-eabi/9.3.1/../../../../arm-none-eabi/lib/thumb/v7-m/nofp\libm.a
LOAD c:/st/stm32cubeide_1.7.0/stm32cubeide/plugins/com.st.stm32cube.ide.mcu.externaltools.gnu-tools-for-stm32.9-2020-q2-update.win32_2.0.0.202105311346/tools/bin/../lib/gcc/arm-none-eabi/9.3.1/thumb/v7-m/nofp\libgcc.a

.debug_info     0x0000000000000000     0x8a7a
 .debug_info    0x0000000000000000      0x26c ./Core/Src/led_blink.o
 .debug_info    0x000000000000026c      0xbf5 ./Core/Src/main.o
 .debug_info    0x0000000000000e61      0x348 ./Core/Src/scheduler.o
 .debug_info    0x00000000000011a9      0xa09 ./Core/Src/stm32f1xx_hal_msp.o
 .debug_info    0x0000000000001bb2      0x7b9 ./Core/Src/stm32f1xx_it.o
 .debug_info    0x000000000000236b      0x2be ./Core/Src/system_stm32f1xx.o
 .debug_info    0x0000000000002629       0x22 ./Core/Startup/startup_stm32f103c6ux.o
 .debug_info    0x000000000000264b      0x74c ./Drivers/STM32F1xx_HAL_Driver/Src/stm32f1xx_hal.o
 .debug_info    0x0000000000002d97      0xbbe ./Drivers/STM32F1xx_HAL_Driver/Src/stm32f1xx_hal_cortex.o
 .debug_info    0x0000000000003955      0x701 ./Drivers/STM32F1xx_HAL_Driver/Src/stm32f1xx_hal_gpio.o
 .debug_info    0x0000000000004056      0x893 ./Drivers/STM32F1xx_HAL_Driver/Src/stm32f1xx_hal_rcc.o
 .debug_info    0x00000000000048e9     0x2c12 ./Drivers/STM32F1xx_HAL_Driver/Src/stm32f1xx_hal_tim.o
 .debug_info    0x00000000000074fb     0x157f ./Drivers/STM32F1xx_HAL_Driver/Src/stm32f1xx_hal_tim_ex.o

.debug_abbrev   0x0000000000000000     0x176e
 .debug_abbrev  0x0000000000000000       0xf8 ./Core/Src/led_blink.o
 .debug_abbrev  0x00000000000000f8      0x228 ./Core/Src/main.o
 .debug_abbrev  0x0000000000000320      0x1a2 ./Core/Src/scheduler.o
 .debug_abbrev  0x00000000000004c2      0x1b7 ./Core/Src/stm32f1xx_hal_msp.o
 .debug_abbrev  0x0000000000000679      0x176 ./Core/Src/stm32f1xx_it.o
 .debug_abbrev  0x00000000000007ef      0x14e ./Core/Src/system_stm32f1xx.o
 .debug_abbrev  0x000000000000093d       0x12 ./Core/Startup/startup_stm32f103c6ux.o
 .debug_abbrev  0x000000000000094f      0x1ed ./Drivers/STM32F1xx_HAL_Driver/Src/stm32f1xx_hal.o
 .debug_abbrev  0x0000000000000b3c      0x313 ./Drivers/STM32F1xx_HAL_Driver/Src/stm32f1xx_hal_cortex.o
 .debug_abbrev  0x0000000000000e4f      0x1e8 ./Drivers/STM32F1xx_HAL_Driver/Src/stm32f1xx_hal_gpio.o
 .debug_abbrev  0x0000000000001037      0x273 ./Drivers/STM32F1xx_HAL_Driver/Src/stm32f1xx_hal_rcc.o
 .debug_abbrev  0x00000000000012aa      0x25e ./Drivers/STM32F1xx_HAL_Driver/Src/stm32f1xx_hal_tim.o
 .debug_abbrev  0x0000000000001508      0x266 ./Drivers/STM32F1xx_HAL_Driver/Src/stm32f1xx_hal_tim_ex.o

.debug_aranges  0x0000000000000000      0x9b0
 .debug_aranges
                0x0000000000000000       0x40 ./Core/Src/led_blink.o
 .debug_aranges
                0x0000000000000040       0x48 ./Core/Src/main.o
 .debug_aranges
                0x0000000000000088       0x40 ./Core/Src/scheduler.o
 .debug_aranges
                0x00000000000000c8       0x30 ./Core/Src/stm32f1xx_hal_msp.o
 .debug_aranges
                0x00000000000000f8       0x68 ./Core/Src/stm32f1xx_it.o
 .debug_aranges
                0x0000000000000160       0x28 ./Core/Src/system_stm32f1xx.o
 .debug_aranges
                0x0000000000000188       0x28 ./Core/Startup/startup_stm32f103c6ux.o
 .debug_aranges
                0x00000000000001b0       0xe0 ./Drivers/STM32F1xx_HAL_Driver/Src/stm32f1xx_hal.o
 .debug_aranges
                0x0000000000000290      0x100 ./Drivers/STM32F1xx_HAL_Driver/Src/stm32f1xx_hal_cortex.o
 .debug_aranges
                0x0000000000000390       0x58 ./Drivers/STM32F1xx_HAL_Driver/Src/stm32f1xx_hal_gpio.o
 .debug_aranges
                0x00000000000003e8       0x90 ./Drivers/STM32F1xx_HAL_Driver/Src/stm32f1xx_hal_rcc.o
 .debug_aranges
                0x0000000000000478      0x3d0 ./Drivers/STM32F1xx_HAL_Driver/Src/stm32f1xx_hal_tim.o
 .debug_aranges
                0x0000000000000848      0x168 ./Drivers/STM32F1xx_HAL_Driver/Src/stm32f1xx_hal_tim_ex.o

.debug_ranges   0x0000000000000000      0x8e8
 .debug_ranges  0x0000000000000000       0x30 ./Core/Src/led_blink.o
 .debug_ranges  0x0000000000000030       0x38 ./Core/Src/main.o
 .debug_ranges  0x0000000000000068       0x30 ./Core/Src/scheduler.o
 .debug_ranges  0x0000000000000098       0x20 ./Core/Src/stm32f1xx_hal_msp.o
 .debug_ranges  0x00000000000000b8       0x58 ./Core/Src/stm32f1xx_it.o
 .debug_ranges  0x0000000000000110       0x18 ./Core/Src/system_stm32f1xx.o
 .debug_ranges  0x0000000000000128       0x20 ./Core/Startup/startup_stm32f103c6ux.o
 .debug_ranges  0x0000000000000148       0xd0 ./Drivers/STM32F1xx_HAL_Driver/Src/stm32f1xx_hal.o
 .debug_ranges  0x0000000000000218       0xf0 ./Drivers/STM32F1xx_HAL_Driver/Src/stm32f1xx_hal_cortex.o
 .debug_ranges  0x0000000000000308       0x48 ./Drivers/STM32F1xx_HAL_Driver/Src/stm32f1xx_hal_gpio.o
 .debug_ranges  0x0000000000000350       0x80 ./Drivers/STM32F1xx_HAL_Driver/Src/stm32f1xx_hal_rcc.o
 .debug_ranges  0x00000000000003d0      0x3c0 ./Drivers/STM32F1xx_HAL_Driver/Src/stm32f1xx_hal_tim.o
 .debug_ranges  0x0000000000000790      0x158 ./Drivers/STM32F1xx_HAL_Driver/Src/stm32f1xx_hal_tim_ex.o

.debug_macro    0x0000000000000000    0x165b5
 .debug_macro   0x0000000000000000      0x1b0 ./Core/Src/led_blink.o
 .debug_macro   0x00000000000001b0      0xa9c ./Core/Src/led_blink.o
 .debug_macro   0x0000000000000c4c      0x215 ./Core/Src/led_blink.o
 .debug_macro   0x0000000000000e61       0x2e ./Core/Src/led_blink.o
 .debug_macro   0x0000000000000e8f       0x22 ./Core/Src/led_blink.o
 .debug_macro   0x0000000000000eb1       0x22 ./Core/Src/led_blink.o
 .debug_macro   0x0000000000000ed3       0x8e ./Core/Src/led_blink.o
 .debug_macro   0x0000000000000f61       0x51 ./Core/Src/led_blink.o
 .debug_macro   0x0000000000000fb2      0x103 ./Core/Src/led_blink.o
 .debug_macro   0x00000000000010b5       0x6a ./Core/Src/led_blink.o
 .debug_macro   0x000000000000111f      0x1df ./Core/Src/led_blink.o
 .debug_macro   0x00000000000012fe       0x1c ./Core/Src/led_blink.o
 .debug_macro   0x000000000000131a       0x22 ./Core/Src/led_blink.o
 .debug_macro   0x000000000000133c       0xc3 ./Core/Src/led_blink.o
 .debug_macro   0x00000000000013ff      0xd23 ./Core/Src/led_blink.o
 .debug_macro   0x0000000000002122     0xde75 ./Core/Src/led_blink.o
 .debug_macro   0x000000000000ff97       0x6d ./Core/Src/led_blink.o
 .debug_macro   0x0000000000010004     0x348d ./Core/Src/led_blink.o
 .debug_macro   0x0000000000013491      0x174 ./Core/Src/led_blink.o
 .debug_macro   0x0000000000013605       0x5c ./Core/Src/led_blink.o
 .debug_macro   0x0000000000013661      0x5bc ./Core/Src/led_blink.o
 .debug_macro   0x0000000000013c1d      0x1b7 ./Core/Src/led_blink.o
 .debug_macro   0x0000000000013dd4      0x1cb ./Core/Src/led_blink.o
 .debug_macro   0x0000000000013f9f      0x114 ./Core/Src/led_blink.o
 .debug_macro   0x00000000000140b3      0x1b2 ./Core/Src/led_blink.o
 .debug_macro   0x0000000000014265       0x27 ./Core/Src/led_blink.o
 .debug_macro   0x000000000001428c      0x12f ./Core/Src/led_blink.o
 .debug_macro   0x00000000000143bb      0x1bc ./Core/Src/led_blink.o
 .debug_macro   0x0000000000014577       0x34 ./Core/Src/led_blink.o
 .debug_macro   0x00000000000145ab       0x3c ./Core/Src/led_blink.o
 .debug_macro   0x00000000000145e7       0x57 ./Core/Src/led_blink.o
 .debug_macro   0x000000000001463e       0x87 ./Core/Src/led_blink.o
 .debug_macro   0x00000000000146c5      0x183 ./Core/Src/led_blink.o
 .debug_macro   0x0000000000014848      0x140 ./Core/Src/led_blink.o
 .debug_macro   0x0000000000014988      0x8ed ./Core/Src/led_blink.o
 .debug_macro   0x0000000000015275       0x69 ./Core/Src/led_blink.o
 .debug_macro   0x00000000000152de       0x40 ./Core/Src/led_blink.o
 .debug_macro   0x000000000001531e      0x1b9 ./Core/Src/main.o
 .debug_macro   0x00000000000154d7       0x16 ./Core/Src/main.o
 .debug_macro   0x00000000000154ed      0x1af ./Core/Src/scheduler.o
 .debug_macro   0x000000000001569c      0x1a6 ./Core/Src/stm32f1xx_hal_msp.o
 .debug_macro   0x0000000000015842      0x1b0 ./Core/Src/stm32f1xx_it.o
 .debug_macro   0x00000000000159f2      0x197 ./Core/Src/system_stm32f1xx.o
 .debug_macro   0x0000000000015b89      0x1bb ./Drivers/STM32F1xx_HAL_Driver/Src/stm32f1xx_hal.o
 .debug_macro   0x0000000000015d44      0x197 ./Drivers/STM32F1xx_HAL_Driver/Src/stm32f1xx_hal_cortex.o
 .debug_macro   0x0000000000015edb      0x202 ./Drivers/STM32F1xx_HAL_Driver/Src/stm32f1xx_hal_gpio.o
 .debug_macro   0x00000000000160dd      0x1a9 ./Drivers/STM32F1xx_HAL_Driver/Src/stm32f1xx_hal_rcc.o
 .debug_macro   0x0000000000016286      0x198 ./Drivers/STM32F1xx_HAL_Driver/Src/stm32f1xx_hal_tim.o
 .debug_macro   0x000000000001641e      0x197 ./Drivers/STM32F1xx_HAL_Driver/Src/stm32f1xx_hal_tim_ex.o

.debug_line     0x0000000000000000     0xa1d1
 .debug_line    0x0000000000000000      0x6c6 ./Core/Src/led_blink.o
 .debug_line    0x00000000000006c6      0x780 ./Core/Src/main.o
 .debug_line    0x0000000000000e46      0x80f ./Core/Src/scheduler.o
 .debug_line    0x0000000000001655      0x6a1 ./Core/Src/stm32f1xx_hal_msp.o
 .debug_line    0x0000000000001cf6      0x73f ./Core/Src/stm32f1xx_it.o
 .debug_line    0x0000000000002435      0x6e3 ./Core/Src/system_stm32f1xx.o
 .debug_line    0x0000000000002b18       0x86 ./Core/Startup/startup_stm32f103c6ux.o
 .debug_line    0x0000000000002b9e      0x910 ./Drivers/STM32F1xx_HAL_Driver/Src/stm32f1xx_hal.o
 .debug_line    0x00000000000034ae      0xaf8 ./Drivers/STM32F1xx_HAL_Driver/Src/stm32f1xx_hal_cortex.o
 .debug_line    0x0000000000003fa6      0x993 ./Drivers/STM32F1xx_HAL_Driver/Src/stm32f1xx_hal_gpio.o
 .debug_line    0x0000000000004939      0xd1c ./Drivers/STM32F1xx_HAL_Driver/Src/stm32f1xx_hal_rcc.o
 .debug_line    0x0000000000005655     0x3346 ./Drivers/STM32F1xx_HAL_Driver/Src/stm32f1xx_hal_tim.o
 .debug_line    0x000000000000899b     0x1836 ./Drivers/STM32F1xx_HAL_Driver/Src/stm32f1xx_hal_tim_ex.o

.debug_str      0x0000000000000000    0x81ec3
 .debug_str     0x0000000000000000    0x7f4a8 ./Core/Src/led_blink.o
                                      0x7f7df (size before relaxing)
 .debug_str     0x000000000007f4a8      0x750 ./Core/Src/main.o
                                      0x7ff91 (size before relaxing)
 .debug_str     0x000000000007fbf8       0x8e ./Core/Src/scheduler.o
                                      0x7f84b (size before relaxing)
 .debug_str     0x000000000007fc86      0x2ba ./Core/Src/stm32f1xx_hal_msp.o
                                      0x7ff73 (size before relaxing)
 .debug_str     0x000000000007ff40       0xcd ./Core/Src/stm32f1xx_it.o
                                      0x7fcd5 (size before relaxing)
 .debug_str     0x000000000008000d       0x52 ./Core/Src/system_stm32f1xx.o
                                      0x7f704 (size before relaxing)
 .debug_str     0x000000000008005f       0x36 ./Core/Startup/startup_stm32f103c6ux.o
                                         0x93 (size before relaxing)
 .debug_str     0x0000000000080095      0x304 ./Drivers/STM32F1xx_HAL_Driver/Src/stm32f1xx_hal.o
                                      0x7fd5b (size before relaxing)
 .debug_str     0x0000000000080399      0x300 ./Drivers/STM32F1xx_HAL_Driver/Src/stm32f1xx_hal_cortex.o
                                      0x7fd63 (size before relaxing)
 .debug_str     0x0000000000080699      0x31f ./Drivers/STM32F1xx_HAL_Driver/Src/stm32f1xx_hal_gpio.o
                                      0x7fac8 (size before relaxing)
 .debug_str     0x00000000000809b8      0x24f ./Drivers/STM32F1xx_HAL_Driver/Src/stm32f1xx_hal_rcc.o
                                      0x7fb01 (size before relaxing)
 .debug_str     0x0000000000080c07      0xdce ./Drivers/STM32F1xx_HAL_Driver/Src/stm32f1xx_hal_tim.o
                                      0x80ada (size before relaxing)
 .debug_str     0x00000000000819d5      0x4ee ./Drivers/STM32F1xx_HAL_Driver/Src/stm32f1xx_hal_tim_ex.o
                                      0x8028b (size before relaxing)

.comment        0x0000000000000000       0x53
 .comment       0x0000000000000000       0x53 ./Core/Src/led_blink.o
                                         0x54 (size before relaxing)
 .comment       0x0000000000000053       0x54 ./Core/Src/main.o
 .comment       0x0000000000000053       0x54 ./Core/Src/scheduler.o
 .comment       0x0000000000000053       0x54 ./Core/Src/stm32f1xx_hal_msp.o
 .comment       0x0000000000000053       0x54 ./Core/Src/stm32f1xx_it.o
 .comment       0x0000000000000053       0x54 ./Core/Src/system_stm32f1xx.o
 .comment       0x0000000000000053       0x54 ./Drivers/STM32F1xx_HAL_Driver/Src/stm32f1xx_hal.o
 .comment       0x0000000000000053       0x54 ./Drivers/STM32F1xx_HAL_Driver/Src/stm32f1xx_hal_cortex.o
 .comment       0x0000000000000053       0x54 ./Drivers/STM32F1xx_HAL_Driver/Src/stm32f1xx_hal_gpio.o
 .comment       0x0000000000000053       0x54 ./Drivers/STM32F1xx_HAL_Driver/Src/stm32f1xx_hal_rcc.o
 .comment       0x0000000000000053       0x54 ./Drivers/STM32F1xx_HAL_Driver/Src/stm32f1xx_hal_tim.o
 .comment       0x0000000000000053       0x54 ./Drivers/STM32F1xx_HAL_Driver/Src/stm32f1xx_hal_tim_ex.o

.debug_frame    0x0000000000000000     0x2734
 .debug_frame   0x0000000000000000       0x9c ./Core/Src/led_blink.o
 .debug_frame   0x000000000000009c       0xd4 ./Core/Src/main.o
 .debug_frame   0x0000000000000170       0xd0 ./Core/Src/scheduler.o
 .debug_frame   0x0000000000000240       0x80 ./Core/Src/stm32f1xx_hal_msp.o
 .debug_frame   0x00000000000002c0      0x120 ./Core/Src/stm32f1xx_it.o
 .debug_frame   0x00000000000003e0       0x58 ./Core/Src/system_stm32f1xx.o
 .debug_frame   0x0000000000000438      0x334 ./Drivers/STM32F1xx_HAL_Driver/Src/stm32f1xx_hal.o
 .debug_frame   0x000000000000076c      0x428 ./Drivers/STM32F1xx_HAL_Driver/Src/stm32f1xx_hal_cortex.o
 .debug_frame   0x0000000000000b94      0x14c ./Drivers/STM32F1xx_HAL_Driver/Src/stm32f1xx_hal_gpio.o
 .debug_frame   0x0000000000000ce0      0x218 ./Drivers/STM32F1xx_HAL_Driver/Src/stm32f1xx_hal_rcc.o
 .debug_frame   0x0000000000000ef8     0x11b8 ./Drivers/STM32F1xx_HAL_Driver/Src/stm32f1xx_hal_tim.o
 .debug_frame   0x00000000000020b0      0x638 ./Drivers/STM32F1xx_HAL_Driver/Src/stm32f1xx_hal_tim_ex.o
 .debug_frame   0x00000000000026e8       0x2c c:/st/stm32cubeide_1.7.0/stm32cubeide/plugins/com.st.stm32cube.ide.mcu.externaltools.gnu-tools-for-stm32.9-2020-q2-update.win32_2.0.0.202105311346/tools/bin/../lib/gcc/arm-none-eabi/9.3.1/../../../../arm-none-eabi/lib/thumb/v7-m/nofp\libc_nano.a(lib_a-init.o)
 .debug_frame   0x0000000000002714       0x20 c:/st/stm32cubeide_1.7.0/stm32cubeide/plugins/com.st.stm32cube.ide.mcu.externaltools.gnu-tools-for-stm32.9-2020-q2-update.win32_2.0.0.202105311346/tools/bin/../lib/gcc/arm-none-eabi/9.3.1/../../../../arm-none-eabi/lib/thumb/v7-m/nofp\libc_nano.a(lib_a-memset.o)
